// Jest Snapshot v1, https://goo.gl/fbAQLP

exports[`renders correctly 1`] = `
<View
  style={
    Object {
      "flexDirection": "row",
    }
  }
>
  <Text
    style={
      Array [
        Object {
          "fontFamily": "lemondrop",
          "textShadowColor": "black",
          "textShadowOffset": Object {
            "height": 2,
            "width": 2,
          },
          "textShadowRadius": 5,
        },
        Object {
          "color": "#E64C3C",
          "fontSize": undefined,
        },
      ]
    }
  >
    G
  </Text>
  <Text
    style={
      Array [
        Object {
          "fontFamily": "lemondrop",
          "textShadowColor": "black",
          "textShadowOffset": Object {
            "height": 2,
            "width": 2,
          },
          "textShadowRadius": 5,
        },
        Object {
          "color": "#FF9933",
          "fontSize": undefined,
        },
      ]
    }
  >
    A
  </Text>
  <Text
    style={
      Array [
        Object {
          "fontFamily": "lemondrop",
          "textShadowColor": "black",
          "textShadowOffset": Object {
            "height": 2,
            "width": 2,
          },
          "textShadowRadius": 5,
        },
        Object {
          "color": "#F1C431",
          "fontSize": undefined,
        },
      ]
    }
  >
    R
  </Text>
  <Text
    style={
      Array [
        Object {
          "fontFamily": "lemondrop",
          "textShadowColor": "black",
          "textShadowOffset": Object {
            "height": 2,
            "width": 2,
          },
          "textShadowRadius": 5,
        },
        Object {
          "color": "#187F03",
          "fontSize": undefined,
        },
      ]
    }
  >
    D
  </Text>
  <Text
    style={
      Array [
        Object {
          "fontFamily": "lemondrop",
          "textShadowColor": "black",
          "textShadowOffset": Object {
            "height": 2,
            "width": 2,
          },
          "textShadowRadius": 5,
        },
        Object {
          "color": "#3998DB",
          "fontSize": undefined,
        },
      ]
    }
  >
    E
  </Text>
  <Text
    style={
      Array [
        Object {
          "fontFamily": "lemondrop",
          "textShadowColor": "black",
          "textShadowOffset": Object {
            "height": 2,
            "width": 2,
          },
          "textShadowRadius": 5,
        },
        Object {
          "color": "#4b0082",
          "fontSize": undefined,
        },
      ]
    }
  >
    N
  </Text>
  <Text
    style={
      Array [
        Object {
          "fontFamily": "lemondrop",
          "textShadowColor": "black",
          "textShadowOffset": Object {
            "height": 2,
            "width": 2,
          },
          "textShadowRadius": 5,
        },
        Object {
          "color": "#7f00ff",
          "fontSize": undefined,
        },
      ]
    }
  >
    Pi
  </Text>
</View>
`;
