// Jest Snapshot v1, https://goo.gl/fbAQLP

exports[`renders correctly 1`] = `
<View
  accessibilityIgnoresInvertColors={true}
  style={
    Object {
      "alignItems": "center",
      "backgroundColor": "#73A686",
      "height": 1334,
      "justifyContent": "space-evenly",
      "width": 750,
    }
  }
>
  <Image
    source=""
    style={
      Array [
        Object {
          "bottom": 0,
          "left": 0,
          "position": "absolute",
          "right": 0,
          "top": 0,
        },
        Object {
          "height": 1334,
          "width": 750,
        },
        undefined,
      ]
    }
  />
  <View>
    <View
      style={
        Object {
          "flexDirection": "row",
        }
      }
    >
      <Text
        style={
          Array [
            Object {
              "fontFamily": "lemondrop",
              "textShadowColor": "black",
              "textShadowOffset": Object {
                "height": 2,
                "width": 2,
              },
              "textShadowRadius": 5,
            },
            Object {
              "color": "#E64C3C",
              "fontSize": 55,
            },
          ]
        }
      >
        G
      </Text>
      <Text
        style={
          Array [
            Object {
              "fontFamily": "lemondrop",
              "textShadowColor": "black",
              "textShadowOffset": Object {
                "height": 2,
                "width": 2,
              },
              "textShadowRadius": 5,
            },
            Object {
              "color": "#FF9933",
              "fontSize": 55,
            },
          ]
        }
      >
        A
      </Text>
      <Text
        style={
          Array [
            Object {
              "fontFamily": "lemondrop",
              "textShadowColor": "black",
              "textShadowOffset": Object {
                "height": 2,
                "width": 2,
              },
              "textShadowRadius": 5,
            },
            Object {
              "color": "#F1C431",
              "fontSize": 55,
            },
          ]
        }
      >
        R
      </Text>
      <Text
        style={
          Array [
            Object {
              "fontFamily": "lemondrop",
              "textShadowColor": "black",
              "textShadowOffset": Object {
                "height": 2,
                "width": 2,
              },
              "textShadowRadius": 5,
            },
            Object {
              "color": "#187F03",
              "fontSize": 55,
            },
          ]
        }
      >
        D
      </Text>
      <Text
        style={
          Array [
            Object {
              "fontFamily": "lemondrop",
              "textShadowColor": "black",
              "textShadowOffset": Object {
                "height": 2,
                "width": 2,
              },
              "textShadowRadius": 5,
            },
            Object {
              "color": "#3998DB",
              "fontSize": 55,
            },
          ]
        }
      >
        E
      </Text>
      <Text
        style={
          Array [
            Object {
              "fontFamily": "lemondrop",
              "textShadowColor": "black",
              "textShadowOffset": Object {
                "height": 2,
                "width": 2,
              },
              "textShadowRadius": 5,
            },
            Object {
              "color": "#4b0082",
              "fontSize": 55,
            },
          ]
        }
      >
        N
      </Text>
      <Text
        style={
          Array [
            Object {
              "fontFamily": "lemondrop",
              "textShadowColor": "black",
              "textShadowOffset": Object {
                "height": 2,
                "width": 2,
              },
              "textShadowRadius": 5,
            },
            Object {
              "color": "#7f00ff",
              "fontSize": 55,
            },
          ]
        }
      >
        Pi
      </Text>
    </View>
    <View
      style={
        Object {
          "alignItems": "center",
          "borderRadius": 10,
          "height": 667,
          "justifyContent": "space-between",
          "padding": 20,
          "shadowColor": "#000",
          "shadowOffset": Object {
            "height": 1,
            "width": 0,
          },
          "shadowOpacity": 0.8,
          "width": 656.25,
        }
      }
    >
      <View
        style={
          Object {
            "alignItems": "center",
            "justifyContent": "center",
            "marginBottom": "auto",
            "marginTop": "auto",
          }
        }
      >
        <Image
          source=""
          style={
            Object {
              "height": 200,
              "width": 200,
            }
          }
        />
      </View>
    </View>
  </View>
</View>
`;
